2026-05-21T14:32:47.902+07:00  INFO 24696 --- [session-09-logging] [restartedMain] [NO_TRACE] [NO_USER]com.re.session09.Application             : Starting Application using Java 21.0.10 with PID 24696 (D:\rikeii\pm-ra-ptit-subjects\semester-3-4-programming-major\subject-5-java-web-service\session-09-logging\build\classes\java\main started by Admin in D:\rikeii\pm-ra-ptit-subjects\semester-3-4-programming-major\subject-5-java-web-service\session-09-logging)
2026-05-21T14:32:47.904+07:00  INFO 24696 --- [session-09-logging] [restartedMain] [NO_TRACE] [NO_USER]com.re.session09.Application             : The following 1 profile is active: "prod"
2026-05-21T14:32:47.932+07:00  INFO 24696 --- [session-09-logging] [restartedMain] [NO_TRACE] [NO_USER].e.DevToolsPropertyDefaultsPostProcessor : Devtools property defaults active! Set 'spring.devtools.add-properties' to 'false' to disable
2026-05-21T14:32:47.932+07:00  INFO 24696 --- [session-09-logging] [restartedMain] [NO_TRACE] [NO_USER].e.DevToolsPropertyDefaultsPostProcessor : For additional web related logging consider setting the 'logging.level.web' property to 'DEBUG'
2026-05-21T14:32:48.380+07:00  INFO 24696 --- [session-09-logging] [restartedMain] [NO_TRACE] [NO_USER]o.s.boot.tomcat.TomcatWebServer          : Tomcat initialized with port 8080 (http)
2026-05-21T14:32:48.389+07:00  INFO 24696 --- [session-09-logging] [restartedMain] [NO_TRACE] [NO_USER]o.apache.catalina.core.StandardService   : Starting service [Tomcat]
2026-05-21T14:32:48.389+07:00  INFO 24696 --- [session-09-logging] [restartedMain] [NO_TRACE] [NO_USER]o.apache.catalina.core.StandardEngine    : Starting Servlet engine: [Apache Tomcat/11.0.21]
2026-05-21T14:32:48.412+07:00  INFO 24696 --- [session-09-logging] [restartedMain] [NO_TRACE] [NO_USER]b.w.c.s.WebApplicationContextInitializer : Root WebApplicationContext: initialization completed in 479 ms
2026-05-21T14:32:48.632+07:00  INFO 24696 --- [session-09-logging] [restartedMain] [NO_TRACE] [NO_USER]o.s.boot.tomcat.TomcatWebServer          : Tomcat started on port 8080 (http) with context path '/'
2026-05-21T14:32:48.635+07:00  INFO 24696 --- [session-09-logging] [restartedMain] [NO_TRACE] [NO_USER]com.re.session09.Application             : Started Application in 1.065 seconds (process running for 1.469)
2026-05-21T14:32:52.949+07:00  INFO 24696 --- [session-09-logging] [http-nio-8080-exec-2] [NO_TRACE] [NO_USER]o.a.c.c.C.[Tomcat].[localhost].[/]       : Initializing Spring DispatcherServlet 'dispatcherServlet'
2026-05-21T14:32:52.949+07:00  INFO 24696 --- [session-09-logging] [http-nio-8080-exec-2] [NO_TRACE] [NO_USER]o.s.web.servlet.DispatcherServlet        : Initializing Servlet 'dispatcherServlet'
2026-05-21T14:32:52.950+07:00  INFO 24696 --- [session-09-logging] [http-nio-8080-exec-2] [NO_TRACE] [NO_USER]o.s.web.servlet.DispatcherServlet        : Completed initialization in 1 ms
2026-05-21T14:32:53.009+07:00  INFO 24696 --- [session-09-logging] [http-nio-8080-exec-2] [C39D65CA] [NO_USER]c.r.s.controller.OrderController         : REST request to create Order for userId: USR-99
2026-05-21T14:32:53.009+07:00  INFO 24696 --- [session-09-logging] [http-nio-8080-exec-2] [C39D65CA] [USR-99]c.r.s.service.impl.OrderServiceImpl      : The order [ORD-C4C3C3C3] has been successfully created for customer [USR-99]
2026-05-21T14:32:53.009+07:00  INFO 24696 --- [session-09-logging] [http-nio-8080-exec-2] [C39D65CA] [USR-99]c.r.s.controller.OrderController         : Order successfully created for customer [USR-99]
2026-05-21T14:33:04.133+07:00  INFO 24696 --- [session-09-logging] [http-nio-8080-exec-3] [FA239A17] [NO_USER]c.r.s.controller.OrderController         : REST request to create Order for userId: null
2026-05-21T14:33:04.133+07:00  WARN 24696 --- [session-09-logging] [http-nio-8080-exec-3] [FA239A17] [NO_USER]c.r.s.controller.OrderController         : Validation failed: Missing mandatory fields. Received: [totalAmount]
2026-05-21T14:33:17.530+07:00  INFO 24696 --- [session-09-logging] [http-nio-8080-exec-5] [815CCCDA] [NO_USER]c.r.s.controller.OrderController         : REST request to create Order for userId: USR-99
2026-05-21T14:33:17.530+07:00 ERROR 24696 --- [session-09-logging] [http-nio-8080-exec-5] [815CCCDA] [USR-99]c.r.s.service.impl.OrderServiceImpl      : BUSINESS_RULE_VIOLATION: User [USR-99] attempted to pay 200000.0 which exceeds limit!
2026-05-21T14:33:17.530+07:00  WARN 24696 --- [session-09-logging] [http-nio-8080-exec-5] [815CCCDA] [USR-99]c.r.s.controller.OrderController         : Order rejected: The transaction limit has been exceeded!
2026-05-21T14:37:20.060+07:00  INFO 24696 --- [session-09-logging] [SpringApplicationShutdownHook] [NO_TRACE] [NO_USER]o.s.boot.tomcat.GracefulShutdown         : Commencing graceful shutdown. Waiting for active requests to complete
2026-05-21T14:37:20.064+07:00  INFO 24696 --- [session-09-logging] [tomcat-shutdown] [NO_TRACE] [NO_USER]o.s.boot.tomcat.GracefulShutdown         : Graceful shutdown complete
